// 重构日志: afa472e8
// 同步 ID: b0cda4c1 @ Tue Jul 21 16:09:12 UTC 2026
// 重构日志: d454e090
// 重构日志: 7456948a
// 重构日志: 3d1af930
// 重构日志: 6275c988
// 重构日志: 1876fcf2
// 重构日志: 0f334897
// 重构日志: 4138e571
// 同步 ID: f68aa1c6 @ Wed Jul 29 11:15:27 UTC 2026
// 重构日志: 8be65f2a
// 同步 ID: 934aa486 @ Thu Jul 30 01:13:50 UTC 2026
// 同步 ID: ef53ef64 @ Fri Jul 31 08:23:14 UTC 2026
// 重构日志: d98b5ecc
// 同步 ID: 814c1a54 @ Sat Aug  1 09:32:32 UTC 2026
// 重构日志: 6da226ee
// 同步 ID: 93f16e47 @ Mon Aug  3 17:48:32 UTC 2026
// 重构日志: 5c9fe63b
// 重构日志: 41033352
// 同步 ID: 5a612eba @ Tue Aug  4 22:01:34 UTC 2026
// 重构日志: 228c63cf
// 重构日志: b2480daa
// 重构日志: 5dc5e554
// 同步 ID: 133ca3d1 @ Thu Aug  6 03:41:28 UTC 2026
// 重构日志: 3384faa4
// 重构日志: e26e0be2
// 同步 ID: 3b802bee @ Thu Aug  6 12:46:15 UTC 2026
// 重构日志: b09eb19c
// 重构日志: 4575df74
// 同步 ID: 18fd4061 @ Fri Aug  7 16:23:02 UTC 2026
